Git and GitHub Practice:

Repo: https://github.com/inkri/git_learning



1. Git clone:
HTTPS:

C:\Users\Abhishek Jaiswal>cd C:\BITsPilaniMTECH2123\Repo
C:\BITsPilaniMTECH2123\Repo>ls
'ls' is not recognized as an internal or external command,
operable program or batch file.

C:\BITsPilaniMTECH2123\Repo>git clone https://github.com/inkri/git_learning.git
Cloning into 'git_learning'...
remote: Enumerating objects: 4, done.
remote: Counting objects: 100% (4/4), done.
remote: Compressing objects: 100% (3/3), done.
remote: Total 4 (delta 0), reused 0 (delta 0), pack-reused 0
Receiving objects: 100% (4/4), 4.51 KiB | 4.51 MiB/s, done.


2. Three stages of git:
Three tree architecture

Repository -(checkout or pull changes)-> Working/Local Changes

Repository <-(commit)- Staging Index <-(stage)- Working/Local Changes


3. git status:
C:\BITsPilaniMTECH2123\Repo\git_learning>git status
On branch main
Your branch is up to date with 'origin/main'.

Changes not staged for commit:
  (use "git add <file>..." to update what will be committed)
  (use "git restore <file>..." to discard changes in working directory)
        modified:   README.md

Untracked files:
  (use "git add <file>..." to include in what will be committed)
        Git_Commands.txt

no changes added to commit (use "git add" and/or "git commit -a")

4. git diff:
C:\BITsPilaniMTECH2123\Repo\git_learning>git diff
diff --git a/README.md b/README.md
index db5e9eb..4f80e9a 100644
--- a/README.md
+++ b/README.md
@@ -1,2 +1,2 @@
 # git_learning
-git learning
+Learning git commands and system for code versioning


5. git add:
stage:
C:\BITsPilaniMTECH2123\Repo\git_learning>git add .
C:\BITsPilaniMTECH2123\Repo\git_learning>git add README.md
C:\BITsPilaniMTECH2123\Repo\git_learning>git status
On branch main
Your branch is up to date with 'origin/main'.

Changes to be committed:
  (use "git restore --staged <file>..." to unstage)
        modified:   README.md
		

Unstage:
C:\BITsPilaniMTECH2123\Repo\git_learning>git restore --staged README.md
C:\BITsPilaniMTECH2123\Repo\git_learning>git status
On branch main
Your branch is up to date with 'origin/main'.

Changes not staged for commit:
  (use "git add <file>..." to update what will be committed)
  (use "git restore <file>..." to discard changes in working directory)
        modified:   README.md

no changes added to commit (use "git add" and/or "git commit -a")


6. git commit:
Git Setup from Local to GitHub:
git config --global user.email "inkrijaiswal@gmail.com"
git config --global user.name "inkri"
git config --list
add comment while commit: ese then :wq and Enter to add comments

C:\BITsPilaniMTECH2123\Repo\git_learning>git commit
[main 5055c66] Editing the ReadMe file.
 1 file changed, 1 insertion(+), 1 deletion(-)

C:\BITsPilaniMTECH2123\Repo\git_learning>git status
On branch main
Your branch is ahead of 'origin/main' by 1 commit.
  (use "git push" to publish your local commits)

nothing to commit, working tree clean

C:\BITsPilaniMTECH2123\Repo\git_learning>


7. git push:
Now from local we need to send changes to remote.

C:\BITsPilaniMTECH2123\Repo\git_learning>git push
info: please complete authentication in your browser...
Enumerating objects: 5, done.
Counting objects: 100% (5/5), done.
Delta compression using up to 4 threads
Compressing objects: 100% (3/3), done.
Writing objects: 100% (3/3), 342 bytes | 342.00 KiB/s, done.
Total 3 (delta 0), reused 0 (delta 0), pack-reused 0
To https://github.com/inkri/git_learning.git
   126cf14..5055c66  main -> main

C:\BITsPilaniMTECH2123\Repo\git_learning>

8. git log:
C:\BITsPilaniMTECH2123\Repo\git_learning>git log
commit 5055c66f5d69c4c42f26cfd5a40e42d2b5823a0d (HEAD -> main, origin/main, origin/HEAD)
Author: inkri <inkrijaiswal@gmail.com>
Date:   Mon Sep 18 20:51:05 2023 +0530

    Editing the ReadMe file.

commit 126cf145d83281204b4be87804d2fe21265ad172
Author: Abhishek Jaiswal <34868181+inkri@users.noreply.github.com>
Date:   Mon Sep 18 20:03:16 2023 +0530

    Initial commit

C:\BITsPilaniMTECH2123\Repo\git_learning>


9. git checkout:
C:\BITsPilaniMTECH2123\Repo\git_learning>git checkout -b new_learning_branch
Switched to a new branch 'new_learning_branch'

C:\BITsPilaniMTECH2123\Repo\git_learning>git commit -m "adding new code file"
[new_learning_branch f0f004e] adding new code file
 1 file changed, 146 insertions(+)
 create mode 100644 Git_Commands.txt

C:\BITsPilaniMTECH2123\Repo\git_learning>git status
On branch new_learning_branch
nothing to commit, working tree clean

C:\BITsPilaniMTECH2123\Repo\git_learning>git log
commit f0f004e5c4b60a9acffb9c724e7d002ac56fb923 (HEAD -> new_learning_branch)
Author: inkri <inkrijaiswal@gmail.com>
Date:   Mon Sep 18 21:13:59 2023 +0530

    adding new code file

commit 5055c66f5d69c4c42f26cfd5a40e42d2b5823a0d (origin/main, origin/HEAD, main)
Author: inkri <inkrijaiswal@gmail.com>
Date:   Mon Sep 18 20:51:05 2023 +0530

    Editing the ReadMe file.

commit 126cf145d83281204b4be87804d2fe21265ad172
Author: Abhishek Jaiswal <34868181+inkri@users.noreply.github.com>
Date:   Mon Sep 18 20:03:16 2023 +0530

    Initial commit

C:\BITsPilaniMTECH2123\Repo\git_learning>

C:\BITsPilaniMTECH2123\Repo\git_learning>git checkout main
Switched to branch 'main'
Your branch is up to date with 'origin/main'.
C:\BITsPilaniMTECH2123\Repo\git_learning>git status
On branch main
Your branch is up to date with 'origin/main'.

nothing to commit, working tree clean

C:\BITsPilaniMTECH2123\Repo\git_learning>git log
commit 5055c66f5d69c4c42f26cfd5a40e42d2b5823a0d (HEAD -> main, origin/main, origin/HEAD)
Author: inkri <inkrijaiswal@gmail.com>
Date:   Mon Sep 18 20:51:05 2023 +0530

    Editing the ReadMe file.

commit 126cf145d83281204b4be87804d2fe21265ad172
Author: Abhishek Jaiswal <34868181+inkri@users.noreply.github.com>
Date:   Mon Sep 18 20:03:16 2023 +0530

    Initial commit

C:\BITsPilaniMTECH2123\Repo\git_learning>

C:\BITsPilaniMTECH2123\Repo\git_learning>git push --set-upstream origin new_learning_branch
Enumerating objects: 4, done.
Counting objects: 100% (4/4), done.
Delta compression using up to 4 threads
Compressing objects: 100% (3/3), done.
Writing objects: 100% (3/3), 1.73 KiB | 1.73 MiB/s, done.
Total 3 (delta 0), reused 0 (delta 0), pack-reused 0
remote:
remote: Create a pull request for 'new_learning_branch' on GitHub by visiting:
remote:      https://github.com/inkri/git_learning/pull/new/new_learning_branch
remote:
To https://github.com/inkri/git_learning.git
 * [new branch]      new_learning_branch -> new_learning_branch
branch 'new_learning_branch' set up to track 'origin/new_learning_branch'.

C:\BITsPilaniMTECH2123\Repo\git_learning>

10. git branch:
C:\BITsPilaniMTECH2123\Repo\git_learning>git branch
  main
* new_learning_branch


11. git fetch:
C:\BITsPilaniMTECH2123\Repo\git_learning>git fetch
remote: Enumerating objects: 9, done.
remote: Counting objects: 100% (8/8), done.
remote: Compressing objects: 100% (5/5), done.
remote: Total 5 (delta 1), reused 0 (delta 0), pack-reused 0
Unpacking objects: 100% (5/5), 1.85 KiB | 158.00 KiB/s, done.
From https://github.com/inkri/git_learning
   5055c66..23a2d1d  main       -> origin/main
 * [new branch]      revert-1-new_learning_branch -> origin/revert-1-new_learning_branch
 
12. git pull:
C:\BITsPilaniMTECH2123\Repo\git_learning>git merge origin/main
Updating 5055c66..23a2d1d
Fast-forward
 Git_Commands.txt | 146 +++++++++++++++++++++++++++++++++++++++++++++++++++++++
 1 file changed, 146 insertions(+)
 create mode 100644 Git_Commands.txt

C:\BITsPilaniMTECH2123\Repo\git_learning>git pull
Already up to date.

Notes:
Local: status,add,commit,log,checkout,branch
Remote: push, pull,fetch,pull,merge,